// Jest Snapshot v1, https://goo.gl/fbAQLP

exports[`se renderea correctamente el componente Navbar 1`] = `
<Fragment>
  <header>
    <nav>
      <div
        className="nav-container"
      >
        <div
          className="nav-logo"
        >
          <a
            href="/"
          >
            <img
              alt="logo"
              className="nav-logo-icon"
              src="logo.svg"
            />
          </a>
        </div>
        <div
          className="nav-search"
        />
        <div
          className="nav-home"
        >
          <span>
            Inicio
          </span>
        </div>
        <div
          className="nav-follow"
        >
          <span>
            Siguiendo
          </span>
        </div>
      </div>
    </nav>
  </header>
</Fragment>
`;
